3 fizz
6 fizz
9 fizz
12 fizz
15 fizzbuzz
18 fizz
21 fizz
24 fizz
27 fizz
30 fizzbuzz
33 fizz
36 fizz
39 fizz
42 fizz
45 fizzbuzz
48 fizz
51 fizz
54 fizz
57 fizz
60 fizzbuzz
63 fizz
66 fizz
69 fizz
72 fizz
75 fizzbuzz
78 fizz
81 fizz
84 fizz
87 fizz
90 fizzbuzz
93 fizz
96 fizz
99 fizz
